// Jest Snapshot v1, https://goo.gl/fbAQLP

exports[`<Dashboard /> matches snapshot 1`] = `
Array [
  <div
    className="display panel"
  >
    <div
      className="led green-led"
      data-testid="locked"
    >
      Unlocked
    </div>
    <div
      className="led green-led"
      data-testid="closed"
    >
      Open
    </div>
  </div>,
  <div
    className="controls panel"
  >
    <button
      className="toggle-btn"
      data-testid="toggleLock"
      disabled={true}
      onClick={[Function]}
    >
      Lock Gate
    </button>
    <button
      className="toggle-btn"
      data-testid="toggleOpen"
      disabled={false}
      onClick={[Function]}
    >
      Close Gate
    </button>
  </div>,
]
`;
